Microchip MPLAB XC8 Compiler V2.10 ()

Linker command line:

-W-3 --edf=C:\Program Files (x86)\Microchip\xc8\v2.10\pic\dat\en_msgs.txt \
  -cs -h+dist/default/production\MPLABXProjects.production.sym \
  --cmf=dist/default/production\MPLABXProjects.production.cmf -z -Q16F628A \
  -oC:\Users\Vasyl\AppData\Local\Temp\s6go.2 --defsym=__MPLAB_BUILD=1 \
  -Mdist/default/production/MPLABXProjects.production.map -E1 -ver=XC8 \
  --acfsm=1493 -ASTACK=0A0h-0EFh -pstack=STACK -ACODE=00h-07FFh \
  -ASTRCODE=00h-07FFh -ASTRING=00h-0FFhx8 -ACONST=00h-0FFhx8 \
  -AENTRY=00h-0FFhx8 -ACOMMON=070h-07Fh -ABANK0=020h-06Fh -ABANK1=0A0h-0EFh \
  -ABANK2=0120h-014Fh -ARAM=020h-06Fh,0A0h-0EFh,0120h-014Fh \
  -AABS1=020h-07Fh,0A0h-0EFh,0120h-014Fh -ASFR0=00h-01Fh -ASFR1=080h-09Fh \
  -ASFR2=0100h-011Fh -ASFR3=0180h-01EFh \
  -preset_vec=00h,intentry=04h,init,end_init -ppowerup=CODE -pcinit=CODE \
  -pfunctab=ENTRY -ACONFIG=02007h-02007h -pconfig=CONFIG -DCONFIG=2 \
  -AIDLOC=02000h-02003h -pidloc=IDLOC -DIDLOC=2 -AEEDATA=00h-07Fh/02100h \
  -peeprom_data=EEDATA -DEEDATA=2 -DCODE=2 -DSTRCODE=2 -DSTRING=2 -DCONST=2 \
  -DENTRY=2 -k C:\Users\Vasyl\AppData\Local\Temp\s6go.o \
  dist/default/production\MPLABXProjects.production.o 

Object code version is 3.11

Machine type is 16F628A



                Name                               Link     Load   Length Selector   Space Scale
C:\Users\Vasyl\AppData\Local\Temp\s6go.o
                end_init                              A        A        1        8       0
                reset_vec                             0        0        1        0       0
                config                             2007     2007        1     400E       0
dist/default/production\MPLABXProjects.production.o
                cinit                                 B        B        A        8       0
                intentry                              4        4        6        8       0
                text11                              199      199        8      2C8       0
                text10                              189      189       10      2C8       0
                text9                               164      164       15      2C8       0
                text8                               1A1      1A1        7      2C8       0
                text7                               179      179       10      2C8       0
                text6                               1AA      1AA        2      2C8       0
                text5                               1A8      1A8        2      2C8       0
                text4                                A3       A3       3C        8       0
                text3                               134      134       1B        8       0
                text2                                DF       DF       35        8       0
                text1                               114      114       20        8       0
                maintext                             15       15       8E        8       0
                cstackBANK0                          23       23        3       20       1
                cstackCOMMON                         70       70        8       70       1
                bssBANK0                             20       20        3       20       1
                bssCOMMON                            78       78        3       70       1
                strings                             14F      14F       15      29E       0

TOTAL           Name                               Link     Load   Length     Space
        CLASS   STACK          

        CLASS   CODE           
                end_init                              A        A        1         0
                cinit                                 B        B        A         0
                intentry                              4        4        6         0
                reset_vec                             0        0        1         0
                text11                              199      199        8         0
                text10                              189      189       10         0
                text9                               164      164       15         0
                text8                               1A1      1A1        7         0
                text7                               179      179       10         0
                text6                               1AA      1AA        2         0
                text5                               1A8      1A8        2         0
                text4                                A3       A3       3C         0
                text3                               134      134       1B         0
                text2                                DF       DF       35         0
                text1                               114      114       20         0
                maintext                             15       15       8E         0

        CLASS   STRCODE        

        CLASS   STRING         
                strings                             14F      14F       15         0

        CLASS   CONST          

        CLASS   ENTRY          

        CLASS   COMMON         
                cstackCOMMON                         70       70        8         1
                bssCOMMON                            78       78        3         1

        CLASS   BANK0          
                cstackBANK0                          23       23        3         1
                bssBANK0                             20       20        3         1

        CLASS   BANK1          

        CLASS   BANK2          

        CLASS   RAM            

        CLASS   ABS1           
                abs_s1                               7E       7E        2         1

        CLASS   SFR0           

        CLASS   SFR1           

        CLASS   SFR2           

        CLASS   SFR3           

        CLASS   CONFIG         
                config                             2007     2007        1         0

        CLASS   IDLOC          

        CLASS   EEDATA         

        CLASS   BANK3          



SEGMENTS        Name                           Load    Length   Top    Selector   Space  Class     Delta

                reset_vec                      000000  000001  000001         0       0  CODE        2
                intentry                       000004  00014B  00014F         8       0  CODE        2
                bssBANK0                       000020  000006  000026        20       1  BANK0       1
                cstackCOMMON                   000070  00000B  00007B        70       1  COMMON      1
                strings                        00014F  000015  000164       29E       0  STRING      2
                text9                          000164  000048  0001AC       2C8       0  CODE        2
                config                         002007  000001  002008      400E       0  CONFIG      2


UNUSED ADDRESS RANGES

        Name                Unused          Largest block    Delta
        BANK0            0026-006F             4A           1
        BANK1            00A0-00EF             50           1
        BANK2            0120-014F             30           1
        CODE             0001-0003              3           2
                         01AC-07FF            654
        COMMON           007B-007D              3           1
        CONST            0001-0003              3           2
                         01AC-07FF            100
        EEDATA           2100-217F             80           2
        ENTRY            0001-0003              3           2
                         01AC-07FF            100
        IDLOC            2000-2003              4           2
        RAM              0026-006F             4A           1
                         00A0-00EF             50
                         0120-014F             30
        SFR0             0000-001F             20           1
        SFR1             0080-009F             20           1
        SFR2             0100-011F             20           1
        SFR3             0180-01EF             70           1
        STACK            00A0-00EF             50           1
        STRCODE          0001-0003              3           2
                         01AC-07FF            654
        STRING           0001-0003              3           2
                         01AC-07FF            100

                                  Symbol Table

SendByteSerially@Byte         cstackCOMMON 0073
SendStringSerially@st         cstackCOMMON 0075
_BRGH                         (abs)        04C2
_CREN                         (abs)        00C4
_EEADR                        (abs)        009B
_EECON1                       (abs)        009C
_EECON1bits                   (abs)        009C
_EECON2                       (abs)        009D
_EEDATA                       (abs)        009A
_GIE                          (abs)        005F
_INTCONbits                   (abs)        000B
_InitUART                     text9        0164
_OERR                         (abs)        00C1
_PEIE                         (abs)        005E
_PORTBbits                    (abs)        0006
_RA1                          (abs)        0029
_RCIE                         (abs)        0465
_RCIF                         (abs)        0065
_RCREG                        (abs)        001A
_RX9                          (abs)        00C6
_ReceiveByteSerially          text11       0199
_SPBRG                        (abs)        0099
_SPEN                         (abs)        00C7
_SREN                         (abs)        00C5
_STATUSbits                   (abs)        0003
_SYNC                         (abs)        04C4
_SendByteSerially             text8        01A1
_SendStringSerially           text7        0179
_TRISA1                       (abs)        0429
_TRISB1                       (abs)        0431
_TRISB2                       (abs)        0432
_TRISBbits                    (abs)        0086
_TX9                          (abs)        04C6
_TXEN                         (abs)        04C5
_TXIE                         (abs)        0464
_TXIF                         (abs)        0064
_TXREG                        (abs)        0019
_WR                           (abs)        04E1
__CFG_BOREN$OFF               (abs)        0000
__CFG_CP$OFF                  (abs)        0000
__CFG_CPD$OFF                 (abs)        0000
__CFG_FOSC$HS                 (abs)        0000
__CFG_LVP$OFF                 (abs)        0000
__CFG_MCLRE$OFF               (abs)        0000
__CFG_PWRTE$OFF               (abs)        0000
__CFG_WDTE$OFF                (abs)        0000
__Habs1                       abs1         0000
__Hbank0                      bank0        0000
__Hbank1                      bank1        0000
__Hbank2                      bank2        0000
__Hbank3                      bank3        0000
__HbssBANK0                   bssBANK0     0000
__HbssCOMMON                  bssCOMMON    0000
__Hcinit                      cinit        0015
__Hclrtext                    clrtext      0000
__Hcode                       code         0000
__Hcommon                     common       0000
__Hconfig                     config       2008
__HcstackBANK0                cstackBANK0  0000
__HcstackCOMMON               cstackCOMMON 0000
__Heeprom_data                eeprom_data  0000
__Hend_init                   end_init     000B
__Hfunctab                    functab      0000
__Hidloc                      idloc        0000
__Hinit                       init         000A
__Hintentry                   intentry     000A
__Hmaintext                   maintext     0000
__Hpowerup                    powerup      0000
__Hram                        ram          0000
__Hreset_vec                  reset_vec    0001
__Hsfr0                       sfr0         0000
__Hsfr1                       sfr1         0000
__Hsfr2                       sfr2         0000
__Hsfr3                       sfr3         0000
__Hspace_0                    (abs)        2008
__Hspace_1                    (abs)        007B
__Hspace_2                    (abs)        0000
__Hspace_3                    (abs)        0000
__Hstack                      stack        0000
__Hstrings                    strings      0000
__Htext                       text         0000
__Labs1                       abs1         0000
__Lbank0                      bank0        0000
__Lbank1                      bank1        0000
__Lbank2                      bank2        0000
__Lbank3                      bank3        0000
__LbssBANK0                   bssBANK0     0000
__LbssCOMMON                  bssCOMMON    0000
__Lcinit                      cinit        000B
__Lclrtext                    clrtext      0000
__Lcode                       code         0000
__Lcommon                     common       0000
__Lconfig                     config       2007
__LcstackBANK0                cstackBANK0  0000
__LcstackCOMMON               cstackCOMMON 0000
__Leeprom_data                eeprom_data  0000
__Lend_init                   end_init     000A
__Lfunctab                    functab      0000
__Lidloc                      idloc        0000
__Linit                       init         000A
__Lintentry                   intentry     0004
__Lmaintext                   maintext     0000
__Lpowerup                    powerup      0000
__Lram                        ram          0000
__Lreset_vec                  reset_vec    0000
__Lsfr0                       sfr0         0000
__Lsfr1                       sfr1         0000
__Lsfr2                       sfr2         0000
__Lsfr3                       sfr3         0000
__Lspace_0                    (abs)        0000
__Lspace_1                    (abs)        0000
__Lspace_2                    (abs)        0000
__Lspace_3                    (abs)        0000
__Lstack                      stack        0000
__Lstrings                    strings      0000
__Ltext                       text         0000
__S0                          (abs)        2008
__S1                          (abs)        007B
__S2                          (abs)        0000
__S3                          (abs)        0000
___int_sp                     stack        0000
___latbits                    (abs)        0000
___sp                         stack        0000
___stackhi                    (abs)        0000
___stacklo                    (abs)        0000
__end_of_InitUART             text9        0179
__end_of_ReceiveByteSerially  text11       01A1
__end_of_SendByteSerially     text8        01A8
__end_of_SendStringSerially   text7        0189
__end_of__initialization      cinit        0013
__end_of__stringtab           strings      0155
__end_of_blue_disable         text6        01AC
__end_of_blue_enable          text5        01AA
__end_of_cmnd_w               text4        00DF
__end_of_eeprom_write         text3        014F
__end_of_isr                  text10       0199
__end_of_main                 maintext     00A3
__end_of_reply                text2        0114
__end_of_sensor_rst           text1        0134
__initialization              cinit        000B
__pbssBANK0                   bssBANK0     0020
__pbssCOMMON                  bssCOMMON    0078
__pcstackBANK0                cstackBANK0  0023
__pcstackCOMMON               cstackCOMMON 0070
__pintentry                   intentry     0004
__pmaintext                   maintext     0015
__pstrings                    strings      014F
__ptext1                      text1        0114
__ptext10                     text10       0189
__ptext11                     text11       0199
__ptext2                      text2        00DF
__ptext3                      text3        0134
__ptext4                      text4        00A3
__ptext5                      text5        01A8
__ptext6                      text6        01AA
__ptext7                      text7        0179
__ptext8                      text8        01A1
__ptext9                      text9        0164
__size_of_InitUART            (abs)        0000
__size_of_ReceiveByteSerially (abs)        0000
__size_of_SendByteSerially    (abs)        0000
__size_of_SendStringSerially  (abs)        0000
__size_of_blue_disable        (abs)        0000
__size_of_blue_enable         (abs)        0000
__size_of_cmnd_w              (abs)        0000
__size_of_eeprom_write        (abs)        0000
__size_of_isr                 (abs)        0000
__size_of_main                (abs)        0000
__size_of_reply               (abs)        0000
__size_of_sensor_rst          (abs)        0000
__stringbase                  strings      0154
__stringtab                   strings      014F
_blue_disable                 text6        01AA
_blue_enable                  text5        01A8
_cmnd_w                       text4        00A3
_eeprom_address               bssCOMMON    0078
_eeprom_data                  bssBANK0     0022
_eeprom_write                 text3        0134
_isr                          text10       0189
_main                         maintext     0015
_reply                        text2        00DF
_sensor_rst                   text1        0114
_tempH                        bssBANK0     0020
_tempL                        bssBANK0     0021
_uart_recive                  bssCOMMON    0079
_uart_rx                      bssCOMMON    007A
btemp                         (abs)        007E
cmnd_w@cmnd                   cstackCOMMON 0074
cmnd_w@i                      cstackCOMMON 0075
eeprom_write@addr             cstackCOMMON 0075
eeprom_write@value            cstackCOMMON 0073
end_of_initialization         cinit        0013
interrupt_function            intentry     0004
intlevel0                     functab      0000
intlevel1                     functab      0000
intlevel2                     functab      0000
intlevel3                     functab      0000
intlevel4                     functab      0000
intlevel5                     functab      0000
main@lauflicht                cstackCOMMON 0077
reply@i                       cstackCOMMON 0076
reply@ret                     cstackCOMMON 0075
reset_vec                     reset_vec    0000
saved_w                       (abs)        007E
start                         init         000A
start_initialization          cinit        000B
wtemp0                        (abs)        007E


FUNCTION INFORMATION:

 *************** function _main *****************
 Defined at:
		line 167 in file "main.c"
 Parameters:    Size  Location     Type
		None
 Auto vars:     Size  Location     Type
  lauflicht       1    7[COMMON] unsigned char 
 Return value:  Size  Location     Type
                  1    wreg      void 
 Registers used:
		wreg, fsr0l, fsr0h, status,2, status,0, pclath, cstack
 Tracked objects:
		On entry : 
		On exit  : 
		Unchanged: 
 Data sizes:     COMMON   BANK0   BANK1   BANK2
      Params:         0       0       0       0
      Locals:         1       0       0       0
      Temps:          0       3       0       0
      Totals:         1       3       0       0
Total ram usage:        4 bytes
 Hardware stack levels required when called:    4
 This function calls:
		_InitUART
		_SendStringSerially
		_blue_disable
		_blue_enable
		_cmnd_w
		_eeprom_write
		_reply
		_sensor_rst
 This function is called by:
		Startup code after reset
 This function uses a non-reentrant model


 *************** function _sensor_rst *****************
 Defined at:
		line 61 in file "main.c"
 Parameters:    Size  Location     Type
		None
 Auto vars:     Size  Location     Type
		None
 Return value:  Size  Location     Type
                  1    wreg      unsigned char 
 Registers used:
		wreg
 Tracked objects:
		On entry : 
		On exit  : 
		Unchanged: 
 Data sizes:     COMMON   BANK0   BANK1   BANK2
      Params:         0       0       0       0
      Locals:         0       0       0       0
      Temps:          2       0       0       0
      Totals:         2       0       0       0
Total ram usage:        2 bytes
 Hardware stack levels used:    1
 Hardware stack levels required when called:    2
 This function calls:
		Nothing
 This function is called by:
		_main
 This function uses a non-reentrant model


 *************** function _reply *****************
 Defined at:
		line 73 in file "main.c"
 Parameters:    Size  Location     Type
		None
 Auto vars:     Size  Location     Type
  i               1    6[COMMON] unsigned char 
  ret             1    5[COMMON] unsigned char 
 Return value:  Size  Location     Type
                  1    wreg      unsigned char 
 Registers used:
		wreg, status,2, status,0
 Tracked objects:
		On entry : 
		On exit  : 
		Unchanged: 
 Data sizes:     COMMON   BANK0   BANK1   BANK2
      Params:         0       0       0       0
      Locals:         2       0       0       0
      Temps:          2       0       0       0
      Totals:         4       0       0       0
Total ram usage:        4 bytes
 Hardware stack levels used:    1
 Hardware stack levels required when called:    2
 This function calls:
		Nothing
 This function is called by:
		_main
 This function uses a non-reentrant model


 *************** function _eeprom_write *****************
 Defined at:
		line 6 in file "C:\Program Files (x86)\Microchip\xc8\v2.10\pic\sources\c90\pic\__eewrite.c"
 Parameters:    Size  Location     Type
  addr            1    wreg     unsigned char 
  value           1    3[COMMON] unsigned char 
 Auto vars:     Size  Location     Type
  addr            1    5[COMMON] unsigned char 
 Return value:  Size  Location     Type
                  1    wreg      void 
 Registers used:
		wreg, status,2, status,0
 Tracked objects:
		On entry : 
		On exit  : 
		Unchanged: 
 Data sizes:     COMMON   BANK0   BANK1   BANK2
      Params:         1       0       0       0
      Locals:         1       0       0       0
      Temps:          1       0       0       0
      Totals:         3       0       0       0
Total ram usage:        3 bytes
 Hardware stack levels used:    1
 Hardware stack levels required when called:    2
 This function calls:
		Nothing
 This function is called by:
		_main
 This function uses a non-reentrant model


 *************** function _cmnd_w *****************
 Defined at:
		line 35 in file "main.c"
 Parameters:    Size  Location     Type
  cmnd            1    wreg     unsigned char 
 Auto vars:     Size  Location     Type
  cmnd            1    4[COMMON] unsigned char 
  i               1    5[COMMON] unsigned char 
 Return value:  Size  Location     Type
                  1    wreg      void 
 Registers used:
		wreg, status,2, status,0
 Tracked objects:
		On entry : 
		On exit  : 
		Unchanged: 
 Data sizes:     COMMON   BANK0   BANK1   BANK2
      Params:         0       0       0       0
      Locals:         2       0       0       0
      Temps:          1       0       0       0
      Totals:         3       0       0       0
Total ram usage:        3 bytes
 Hardware stack levels used:    1
 Hardware stack levels required when called:    2
 This function calls:
		Nothing
 This function is called by:
		_main
 This function uses a non-reentrant model


 *************** function _blue_enable *****************
 Defined at:
		line 152 in file "main.c"
 Parameters:    Size  Location     Type
		None
 Auto vars:     Size  Location     Type
		None
 Return value:  Size  Location     Type
                  1    wreg      void 
 Registers used:
		None
 Tracked objects:
		On entry : 
		On exit  : 
		Unchanged: 
 Data sizes:     COMMON   BANK0   BANK1   BANK2
      Params:         0       0       0       0
      Locals:         0       0       0       0
      Temps:          0       0       0       0
      Totals:         0       0       0       0
Total ram usage:        0 bytes
 Hardware stack levels used:    1
 Hardware stack levels required when called:    2
 This function calls:
		Nothing
 This function is called by:
		_main
 This function uses a non-reentrant model


 *************** function _blue_disable *****************
 Defined at:
		line 157 in file "main.c"
 Parameters:    Size  Location     Type
		None
 Auto vars:     Size  Location     Type
		None
 Return value:  Size  Location     Type
                  1    wreg      void 
 Registers used:
		None
 Tracked objects:
		On entry : 
		On exit  : 
		Unchanged: 
 Data sizes:     COMMON   BANK0   BANK1   BANK2
      Params:         0       0       0       0
      Locals:         0       0       0       0
      Temps:          0       0       0       0
      Totals:         0       0       0       0
Total ram usage:        0 bytes
 Hardware stack levels used:    1
 Hardware stack levels required when called:    2
 This function calls:
		Nothing
 This function is called by:
		_main
 This function uses a non-reentrant model


 *************** function _SendStringSerially *****************
 Defined at:
		line 146 in file "main.c"
 Parameters:    Size  Location     Type
  st              1    wreg     PTR const unsigned char 
		 -> STR_1(15), 
 Auto vars:     Size  Location     Type
  st              1    5[COMMON] PTR const unsigned char 
		 -> STR_1(15), 
 Return value:  Size  Location     Type
                  1    wreg      void 
 Registers used:
		wreg, fsr0l, fsr0h, status,2, status,0, pclath, cstack
 Tracked objects:
		On entry : 
		On exit  : 
		Unchanged: 
 Data sizes:     COMMON   BANK0   BANK1   BANK2
      Params:         0       0       0       0
      Locals:         1       0       0       0
      Temps:          1       0       0       0
      Totals:         2       0       0       0
Total ram usage:        2 bytes
 Hardware stack levels used:    1
 Hardware stack levels required when called:    3
 This function calls:
		_SendByteSerially
 This function is called by:
		_main
 This function uses a non-reentrant model


 *************** function _SendByteSerially *****************
 Defined at:
		line 112 in file "main.c"
 Parameters:    Size  Location     Type
  Byte            1    wreg     unsigned char 
 Auto vars:     Size  Location     Type
  Byte            1    3[COMMON] unsigned char 
 Return value:  Size  Location     Type
                  1    wreg      void 
 Registers used:
		wreg
 Tracked objects:
		On entry : 
		On exit  : 
		Unchanged: 
 Data sizes:     COMMON   BANK0   BANK1   BANK2
      Params:         0       0       0       0
      Locals:         1       0       0       0
      Temps:          0       0       0       0
      Totals:         1       0       0       0
Total ram usage:        1 bytes
 Hardware stack levels used:    1
 Hardware stack levels required when called:    2
 This function calls:
		Nothing
 This function is called by:
		_SendStringSerially
 This function uses a non-reentrant model


 *************** function _InitUART *****************
 Defined at:
		line 94 in file "main.c"
 Parameters:    Size  Location     Type
		None
 Auto vars:     Size  Location     Type
		None
 Return value:  Size  Location     Type
                  1    wreg      void 
 Registers used:
		wreg
 Tracked objects:
		On entry : 
		On exit  : 
		Unchanged: 
 Data sizes:     COMMON   BANK0   BANK1   BANK2
      Params:         0       0       0       0
      Locals:         0       0       0       0
      Temps:          0       0       0       0
      Totals:         0       0       0       0
Total ram usage:        0 bytes
 Hardware stack levels used:    1
 Hardware stack levels required when called:    2
 This function calls:
		Nothing
 This function is called by:
		_main
 This function uses a non-reentrant model


 *************** function _isr *****************
 Defined at:
		line 136 in file "main.c"
 Parameters:    Size  Location     Type
		None
 Auto vars:     Size  Location     Type
		None
 Return value:  Size  Location     Type
                  1    wreg      void 
 Registers used:
		wreg, pclath, cstack
 Tracked objects:
		On entry : 
		On exit  : 
		Unchanged: 
 Data sizes:     COMMON   BANK0   BANK1   BANK2
      Params:         0       0       0       0
      Locals:         0       0       0       0
      Temps:          3       0       0       0
      Totals:         3       0       0       0
Total ram usage:        3 bytes
 Hardware stack levels used:    1
 Hardware stack levels required when called:    1
 This function calls:
		_ReceiveByteSerially
 This function is called by:
		Interrupt level 1
 This function uses a non-reentrant model


 *************** function _ReceiveByteSerially *****************
 Defined at:
		line 119 in file "main.c"
 Parameters:    Size  Location     Type
		None
 Auto vars:     Size  Location     Type
		None
 Return value:  Size  Location     Type
                  1    wreg      unsigned char 
 Registers used:
		wreg
 Tracked objects:
		On entry : 
		On exit  : 
		Unchanged: 
 Data sizes:     COMMON   BANK0   BANK1   BANK2
      Params:         0       0       0       0
      Locals:         0       0       0       0
      Temps:          0       0       0       0
      Totals:         0       0       0       0
Total ram usage:        0 bytes
 Hardware stack levels used:    1
 This function calls:
		Nothing
 This function is called by:
		_isr
 This function uses a non-reentrant model



MODULE INFORMATION

Module		Function		Class		Link	Load	Size
C:\Program Files (x86)\Microchip\xc8\v2.10\pic\sources\c90\pic\__eewrite.c
		_eeprom_write  		CODE           	0134	0000	28

C:\Program Files (x86)\Microchip\xc8\v2.10\pic\sources\c90\pic\__eewrite.c estimated size: 28

shared
		__stringtab    		STRING         	014F	0000	7
		__initialization		CODE           	000B	0000	9

shared estimated size: 16

main.c
		_cmnd_w        		CODE           	00A3	0000	61
		_InitUART      		CODE           	0164	0000	22
		_blue_disable  		CODE           	01AA	0000	3
		_main          		CODE           	0015	0000	143
		_reply         		CODE           	00DF	0000	54
		_SendByteSerially		CODE           	01A1	0000	8
		_isr           		CODE           	0189	0000	17
		_sensor_rst    		CODE           	0114	0000	33
		_blue_enable   		CODE           	01A8	0000	3
		_SendStringSerially		CODE           	0179	0000	17
		_ReceiveByteSerially		CODE           	0199	0000	9

main.c estimated size: 370

